Traceback (most recent call last):
  File "/Users/elizabethdavis/Desktop/coreai-torch-public/.venv/lib/python3.11/site-packages/jupyter_cache/executors/utils.py", line 58, in single_nb_execution
    executenb(
  File "/Users/elizabethdavis/Desktop/coreai-torch-public/.venv/lib/python3.11/site-packages/nbclient/client.py", line 1323, in execute
    return NotebookClient(nb=nb, resources=resources, km=km, **kwargs).execute()
           ^^^^^^^^^^^^^^^^^^^^^^^^^^^^^^^^^^^^^^^^^^^^^^^^^^^^^^^^^^^^^^^^^^^^^
  File "/Users/elizabethdavis/Desktop/coreai-torch-public/.venv/lib/python3.11/site-packages/jupyter_core/utils/__init__.py", line 165, in wrapped
    return loop.run_until_complete(inner)
           ^^^^^^^^^^^^^^^^^^^^^^^^^^^^^^
  File "/Users/elizabethdavis/.local/share/uv/python/cpython-3.11.15-macos-aarch64-none/lib/python3.11/asyncio/base_events.py", line 654, in run_until_complete
    return future.result()
           ^^^^^^^^^^^^^^^
  File "/Users/elizabethdavis/Desktop/coreai-torch-public/.venv/lib/python3.11/site-packages/nbclient/client.py", line 709, in async_execute
    await self.async_execute_cell(
  File "/Users/elizabethdavis/Desktop/coreai-torch-public/.venv/lib/python3.11/site-packages/nbclient/client.py", line 1062, in async_execute_cell
    await self._check_raise_for_error(cell, cell_index, exec_reply)
  File "/Users/elizabethdavis/Desktop/coreai-torch-public/.venv/lib/python3.11/site-packages/nbclient/client.py", line 918, in _check_raise_for_error
    raise CellExecutionError.from_cell_and_msg(cell, exec_reply_content)
nbclient.exceptions.CellExecutionError: An error occurred while executing the following cell:
------------------
import torch
import torchvision.models as tv_models

model = tv_models.mobilenet_v2(weights=None).eval()
example_input = (torch.randn(1, 3, 224, 224),)

exported = torch.export.export(model, args=example_input)
exported = exported.run_decompositions(get_decomp_table())

coreai_program = (
    TorchConverter()
    .add_exported_program(
        exported,
        input_names=["image"],
        output_names=["logits"],
    )
    .to_coreai()
)
coreai_program.optimize()
------------------


[31m---------------------------------------------------------------------------[39m
[31mModuleNotFoundError[39m                       Traceback (most recent call last)
[36mCell[39m[36m [39m[32mIn[6][39m[32m, line 2[39m
[32m      1[39m [38;5;28;01mimport[39;00m torch
[32m----> [39m[32m2[39m [38;5;28;01mimport[39;00m torchvision.models [38;5;28;01mas[39;00m tv_models
[32m      3[39m 
[32m      4[39m model = tv_models.mobilenet_v2(weights=[38;5;28;01mNone[39;00m).eval()
[32m      5[39m example_input = (torch.randn([32m1[39m, [32m3[39m, [32m224[39m, [32m224[39m),)

[31mModuleNotFoundError[39m: No module named 'torchvision'

